
Debug Log started on 14:07:39.832
[14:07:40.192] Bowl interaction: Eat world=(965.0, 391.0)
[14:07:40.192] Added bowl at (952.0, 375.0) with 1 interaction point(s).
[14:07:40.209] Adding behavior: EatBehavior

Debug Log started on 14:07:56.000
[14:07:56.390] Bowl interaction: Eat world=(965.0, 391.0)
[14:07:56.390] Added bowl at (952.0, 375.0) with 1 interaction point(s).
[14:07:56.408] Adding behavior: EatBehavior

Debug Log started on 14:10:33.250
[14:10:33.614] Bowl interaction: Eat world=(965.0, 391.0)
[14:10:33.614] Added bowl at (952.0, 375.0) with 1 interaction point(s).
[14:10:33.630] Adding behavior: EatBehavior

Debug Log started on 14:22:59.417

Debug Log started on 14:45:39.813
[14:45:40.240] Bowl interaction: Eat world=(965.0, 391.0)
[14:45:40.240] Added bowl at (952.0, 375.0) with 1 interaction point(s).
[14:45:40.263] Adding behavior: EatBehavior
[14:45:40.457] SetAction: Running (Run) frame size = x
[14:45:40.457] SetAction: Idle -> Running (Run), Frames=6
[14:45:40.457] SetAction: Running (Run) frame size = 32x32
[14:45:40.458] SetAction: Running -> Running (Run), Frames=6
[14:45:41.217] SetAction: Idle (idle_look_right) frame size = 32x32
[14:45:41.217] SetAction: Running -> Idle (idle_look_right), Frames=12
[14:45:41.217] StartIdle selected animation=idle_look_right
[14:45:44.471] Eat target found at (965.0, 391.0)
[14:45:44.472] Trying food target: interaction=(965.0, 391.0), snapped=933,337
[14:45:44.472] SetAction: Running (Run) frame size = 32x32
[14:45:44.472] SetAction: Idle -> Running (Run), Frames=6
[14:45:44.472] Food target accepted by creature.
[14:45:45.026] ARRIVED! distance=2
[14:45:45.026] StartEating()Animation keys: Walk, Run, idle_look_left, idle_look_right, idle_look_front, idle_look_up, idle_sit_front, idle_sit_back, Sleep, Fall, Eat
Eat frame count: 14,
Eat frame ticks: 4
[14:45:45.027] EatingTicksRemaining loaded as: 100
[14:45:45.027] SetAction: Eating (Eat) frame size = 32x32
[14:45:45.027] SetAction: Running -> Eating (Eat), Frames=14
[14:45:45.057] UpdateEating decrement timer to 99, FrameIndex=0
[14:45:45.102] UpdateEating decrement timer to 98, FrameIndex=0
[14:45:45.115] UpdateEating decrement timer to 97, FrameIndex=0
[14:45:45.147] UpdateEating decrement timer to 96, FrameIndex=1
[14:45:45.166] UpdateEating decrement timer to 95, FrameIndex=1
[14:45:45.192] UpdateEating decrement timer to 94, FrameIndex=1
[14:45:45.221] UpdateEating decrement timer to 93, FrameIndex=1
[14:45:45.247] UpdateEating decrement timer to 92, FrameIndex=2
[14:45:45.268] UpdateEating decrement timer to 91, FrameIndex=2
[14:45:45.283] UpdateEating decrement timer to 90, FrameIndex=2
[14:45:45.313] UpdateEating decrement timer to 89, FrameIndex=2
[14:45:45.343] UpdateEating decrement timer to 88, FrameIndex=3
[14:45:45.358] UpdateEating decrement timer to 87, FrameIndex=3
[14:45:45.393] UpdateEating decrement timer to 86, FrameIndex=3
[14:45:45.408] UpdateEating decrement timer to 85, FrameIndex=3
[14:45:45.438] UpdateEating decrement timer to 84, FrameIndex=4
[14:45:45.472] UpdateEating decrement timer to 83, FrameIndex=4
[14:45:45.487] UpdateEating decrement timer to 82, FrameIndex=4
[14:45:45.548] UpdateEating decrement timer to 81, FrameIndex=4
[14:45:45.557] UpdateEating decrement timer to 80, FrameIndex=5
[14:45:45.593] UpdateEating decrement timer to 79, FrameIndex=5
[14:45:45.608] UpdateEating decrement timer to 78, FrameIndex=5
[14:45:45.638] UpdateEating decrement timer to 77, FrameIndex=5
[14:45:45.653] UpdateEating decrement timer to 76, FrameIndex=6
[14:45:45.683] UpdateEating decrement timer to 75, FrameIndex=6
[14:45:45.711] UpdateEating decrement timer to 74, FrameIndex=6
[14:45:45.741] UpdateEating decrement timer to 73, FrameIndex=6
[14:45:45.831] UpdateEating decrement timer to 72, FrameIndex=7
[14:45:45.846] UpdateEating decrement timer to 71, FrameIndex=7
[14:45:45.862] UpdateEating decrement timer to 70, FrameIndex=7
[14:45:45.910] UpdateEating decrement timer to 69, FrameIndex=7
[14:45:45.935] UpdateEating decrement timer to 68, FrameIndex=8
[14:45:45.969] UpdateEating decrement timer to 67, FrameIndex=8
[14:45:45.984] UpdateEating decrement timer to 66, FrameIndex=8
[14:45:46.023] UpdateEating decrement timer to 65, FrameIndex=8
[14:45:46.032] UpdateEating decrement timer to 64, FrameIndex=9
[14:45:46.061] UpdateEating decrement timer to 63, FrameIndex=9
[14:45:46.092] UpdateEating decrement timer to 62, FrameIndex=9
[14:45:46.106] UpdateEating decrement timer to 61, FrameIndex=9
[14:45:46.147] UpdateEating decrement timer to 60, FrameIndex=10
[14:45:46.162] UpdateEating decrement timer to 59, FrameIndex=10
[14:45:46.192] UpdateEating decrement timer to 58, FrameIndex=10
[14:45:46.222] UpdateEating decrement timer to 57, FrameIndex=10
[14:45:46.237] UpdateEating decrement timer to 56, FrameIndex=11
[14:45:46.267] UpdateEating decrement timer to 55, FrameIndex=11
[14:45:46.282] UpdateEating decrement timer to 54, FrameIndex=11
[14:45:46.312] UpdateEating decrement timer to 53, FrameIndex=11
[14:45:46.340] UpdateEating decrement timer to 52, FrameIndex=12
[14:45:46.360] UpdateEating decrement timer to 51, FrameIndex=12
[14:45:46.393] UpdateEating decrement timer to 50, FrameIndex=12
[14:45:46.408] UpdateEating decrement timer to 49, FrameIndex=12
[14:45:46.441] UpdateEating decrement timer to 48, FrameIndex=13
[14:45:46.466] UpdateEating decrement timer to 47, FrameIndex=13
[14:45:46.486] UpdateEating decrement timer to 46, FrameIndex=13
[14:45:46.516] UpdateEating decrement timer to 45, FrameIndex=13
[14:45:46.531] UpdateEating decrement timer to 44, FrameIndex=0
[14:45:46.555] UpdateEating decrement timer to 43, FrameIndex=0
[14:45:46.596] UpdateEating decrement timer to 42, FrameIndex=0
[14:45:46.605] UpdateEating decrement timer to 41, FrameIndex=0
[14:45:46.640] UpdateEating decrement timer to 40, FrameIndex=1
[14:45:46.655] UpdateEating decrement timer to 39, FrameIndex=1
[14:45:46.685] UpdateEating decrement timer to 38, FrameIndex=1
[14:45:46.715] UpdateEating decrement timer to 37, FrameIndex=1
[14:45:46.730] UpdateEating decrement timer to 36, FrameIndex=2
[14:45:46.760] UpdateEating decrement timer to 35, FrameIndex=2
[14:45:46.775] UpdateEating decrement timer to 34, FrameIndex=2
[14:45:46.805] UpdateEating decrement timer to 33, FrameIndex=2
[14:45:46.849] UpdateEating decrement timer to 32, FrameIndex=3
[14:45:46.864] UpdateEating decrement timer to 31, FrameIndex=3
[14:45:46.894] UpdateEating decrement timer to 30, FrameIndex=3
[14:45:46.910] UpdateEating decrement timer to 29, FrameIndex=3
[14:45:46.940] UpdateEating decrement timer to 28, FrameIndex=4
[14:45:46.970] UpdateEating decrement timer to 27, FrameIndex=4
[14:45:46.988] UpdateEating decrement timer to 26, FrameIndex=4
[14:45:47.015] UpdateEating decrement timer to 25, FrameIndex=4
[14:45:47.031] UpdateEating decrement timer to 24, FrameIndex=5
[14:45:47.062] UpdateEating decrement timer to 23, FrameIndex=5
[14:45:47.091] UpdateEating decrement timer to 22, FrameIndex=5
[14:45:47.106] UpdateEating decrement timer to 21, FrameIndex=5
[14:45:47.138] UpdateEating decrement timer to 20, FrameIndex=6
[14:45:47.153] UpdateEating decrement timer to 19, FrameIndex=6
[14:45:47.182] UpdateEating decrement timer to 18, FrameIndex=6
[14:45:47.213] UpdateEating decrement timer to 17, FrameIndex=6
[14:45:47.227] UpdateEating decrement timer to 16, FrameIndex=7
[14:45:47.272] UpdateEating decrement timer to 15, FrameIndex=7
[14:45:47.287] UpdateEating decrement timer to 14, FrameIndex=7
[14:45:47.316] UpdateEating decrement timer to 13, FrameIndex=7
[14:45:47.342] UpdateEating decrement timer to 12, FrameIndex=8
[14:45:47.357] UpdateEating decrement timer to 11, FrameIndex=8
[14:45:47.388] UpdateEating decrement timer to 10, FrameIndex=8
[14:45:47.403] UpdateEating decrement timer to 9, FrameIndex=8
[14:45:47.435] UpdateEating decrement timer to 8, FrameIndex=9
[14:45:47.465] UpdateEating decrement timer to 7, FrameIndex=9
[14:45:47.480] UpdateEating decrement timer to 6, FrameIndex=9
[14:45:47.555] UpdateEating decrement timer to 5, FrameIndex=9
[14:45:47.602] UpdateEating decrement timer to 4, FrameIndex=10
[14:45:47.605] UpdateEating decrement timer to 3, FrameIndex=10
[14:45:47.645] UpdateEating decrement timer to 2, FrameIndex=10
[14:45:47.660] UpdateEating decrement timer to 1, FrameIndex=10
[14:45:47.690] UpdateEating decrement timer to 0, FrameIndex=11
[14:45:47.691] After Eat(): Hunger=0.00, IsHungry=False
[14:45:47.691] [Rat] Ate. Wandering away from food.
[14:45:47.692] SetAction: Running (Run) frame size = 32x32
[14:45:47.692] SetAction: Eating -> Running (Run), Frames=6
[14:45:48.722] SetAction: Idle (idle_look_right) frame size = 32x32
[14:45:48.722] SetAction: Running -> Idle (idle_look_right), Frames=12
[14:45:48.722] StartIdle selected animation=idle_look_right
[14:45:51.531] Eat target found at (965.0, 391.0)
[14:45:51.531] Trying food target: interaction=(965.0, 391.0), snapped=933,337
[14:45:51.531] SetAction: Running (Run) frame size = 32x32
[14:45:51.531] SetAction: Idle -> Running (Run), Frames=6
[14:45:51.531] Food target accepted by creature.
[14:45:52.531] ARRIVED! distance=2
[14:45:52.531] StartEating()Animation keys: Walk, Run, idle_look_left, idle_look_right, idle_look_front, idle_look_up, idle_sit_front, idle_sit_back, Sleep, Fall, Eat
Eat frame count: 14,
Eat frame ticks: 4
[14:45:52.531] EatingTicksRemaining loaded as: 100
[14:45:52.531] SetAction: Eating (Eat) frame size = 32x32
[14:45:52.531] SetAction: Running -> Eating (Eat), Frames=14
[14:45:52.560] UpdateEating decrement timer to 99, FrameIndex=0
[14:45:52.591] UpdateEating decrement timer to 98, FrameIndex=0
[14:45:52.605] UpdateEating decrement timer to 97, FrameIndex=0
[14:45:52.635] UpdateEating decrement timer to 96, FrameIndex=1
[14:45:52.650] UpdateEating decrement timer to 95, FrameIndex=1
[14:45:52.681] UpdateEating decrement timer to 94, FrameIndex=1
[14:45:52.711] UpdateEating decrement timer to 93, FrameIndex=1
[14:45:52.740] UpdateEating decrement timer to 92, FrameIndex=2
[14:45:52.770] UpdateEating decrement timer to 91, FrameIndex=2
[14:45:52.778] UpdateEating decrement timer to 90, FrameIndex=2
[14:45:52.817] UpdateEating decrement timer to 89, FrameIndex=2
[14:45:52.845] UpdateEating decrement timer to 88, FrameIndex=3
[14:45:52.860] UpdateEating decrement timer to 87, FrameIndex=3
[14:45:52.890] UpdateEating decrement timer to 86, FrameIndex=3
[14:45:52.906] UpdateEating decrement timer to 85, FrameIndex=3
[14:45:52.938] UpdateEating decrement timer to 84, FrameIndex=4
[14:45:52.969] UpdateEating decrement timer to 83, FrameIndex=4
[14:45:52.985] UpdateEating decrement timer to 82, FrameIndex=4
[14:45:53.017] UpdateEating decrement timer to 81, FrameIndex=4
[14:45:53.031] UpdateEating decrement timer to 80, FrameIndex=5
[14:45:53.061] UpdateEating decrement timer to 79, FrameIndex=5
[14:45:53.092] UpdateEating decrement timer to 78, FrameIndex=5
[14:45:53.108] UpdateEating decrement timer to 77, FrameIndex=5
[14:45:53.135] UpdateEating decrement timer to 76, FrameIndex=6
[14:45:53.151] UpdateEating decrement timer to 75, FrameIndex=6
[14:45:53.181] UpdateEating decrement timer to 74, FrameIndex=6
[14:45:53.220] UpdateEating decrement timer to 73, FrameIndex=6
[14:45:53.228] UpdateEating decrement timer to 72, FrameIndex=7
[14:45:53.270] UpdateEating decrement timer to 71, FrameIndex=7
[14:45:53.286] UpdateEating decrement timer to 70, FrameIndex=7
[14:45:53.306] UpdateEating decrement timer to 69, FrameIndex=7
[14:45:53.347] UpdateEating decrement timer to 68, FrameIndex=8
[14:45:53.363] UpdateEating decrement timer to 67, FrameIndex=8
[14:45:53.390] UpdateEating decrement timer to 66, FrameIndex=8
[14:45:53.405] UpdateEating decrement timer to 65, FrameIndex=8
[14:45:53.437] UpdateEating decrement timer to 64, FrameIndex=9
[14:45:53.466] UpdateEating decrement timer to 63, FrameIndex=9
[14:45:53.481] UpdateEating decrement timer to 62, FrameIndex=9
[14:45:53.510] UpdateEating decrement timer to 61, FrameIndex=9
[14:45:53.525] UpdateEating decrement timer to 60, FrameIndex=10
[14:45:53.555] UpdateEating decrement timer to 59, FrameIndex=10
[14:45:53.600] UpdateEating decrement timer to 58, FrameIndex=10
[14:45:53.616] UpdateEating decrement timer to 57, FrameIndex=10
[14:45:53.645] UpdateEating decrement timer to 56, FrameIndex=11
[14:45:53.648] UpdateEating decrement timer to 55, FrameIndex=11
[14:45:53.692] UpdateEating decrement timer to 54, FrameIndex=11
[14:45:53.721] UpdateEating decrement timer to 53, FrameIndex=11
[14:45:53.736] UpdateEating decrement timer to 52, FrameIndex=12
[14:45:53.766] UpdateEating decrement timer to 51, FrameIndex=12
[14:45:53.784] UpdateEating decrement timer to 50, FrameIndex=12
[14:45:53.806] UpdateEating decrement timer to 49, FrameIndex=12
[14:45:53.844] UpdateEating decrement timer to 48, FrameIndex=13
[14:45:53.855] UpdateEating decrement timer to 47, FrameIndex=13
[14:45:53.885] UpdateEating decrement timer to 46, FrameIndex=13
[14:45:53.901] UpdateEating decrement timer to 45, FrameIndex=13
[14:45:53.933] UpdateEating decrement timer to 44, FrameIndex=0
[14:45:53.961] UpdateEating decrement timer to 43, FrameIndex=0
[14:45:53.977] UpdateEating decrement timer to 42, FrameIndex=0
[14:45:54.008] UpdateEating decrement timer to 41, FrameIndex=0
[14:45:54.024] UpdateEating decrement timer to 40, FrameIndex=1
[14:45:54.057] UpdateEating decrement timer to 39, FrameIndex=1
[14:45:54.089] UpdateEating decrement timer to 38, FrameIndex=1
[14:45:54.104] UpdateEating decrement timer to 37, FrameIndex=1
[14:45:54.145] UpdateEating decrement timer to 36, FrameIndex=2
[14:45:54.161] UpdateEating decrement timer to 35, FrameIndex=2
[14:45:54.190] UpdateEating decrement timer to 34, FrameIndex=2
[14:45:54.223] UpdateEating decrement timer to 33, FrameIndex=2
[14:45:54.238] UpdateEating decrement timer to 32, FrameIndex=3
[14:45:54.270] UpdateEating decrement timer to 31, FrameIndex=3
[14:45:54.286] UpdateEating decrement timer to 30, FrameIndex=3
[14:45:54.317] UpdateEating decrement timer to 29, FrameIndex=3
[14:45:54.339] UpdateEating decrement timer to 28, FrameIndex=4
[14:45:54.358] UpdateEating decrement timer to 27, FrameIndex=4
[14:45:54.391] UpdateEating decrement timer to 26, FrameIndex=4
[14:45:54.405] UpdateEating decrement timer to 25, FrameIndex=4
[14:45:54.433] UpdateEating decrement timer to 24, FrameIndex=5
[14:45:54.465] UpdateEating decrement timer to 23, FrameIndex=5
[14:45:54.477] UpdateEating decrement timer to 22, FrameIndex=5
[14:45:54.523] UpdateEating decrement timer to 21, FrameIndex=5
[14:45:54.537] UpdateEating decrement timer to 20, FrameIndex=6
[14:45:54.567] UpdateEating decrement timer to 19, FrameIndex=6
[14:45:54.597] UpdateEating decrement timer to 18, FrameIndex=6
[14:45:54.613] UpdateEating decrement timer to 17, FrameIndex=6
[14:45:54.640] UpdateEating decrement timer to 16, FrameIndex=7
[14:45:54.659] UpdateEating decrement timer to 15, FrameIndex=7
[14:45:54.689] UpdateEating decrement timer to 14, FrameIndex=7
[14:45:54.717] UpdateEating decrement timer to 13, FrameIndex=7
[14:45:54.733] UpdateEating decrement timer to 12, FrameIndex=8
[14:45:54.762] UpdateEating decrement timer to 11, FrameIndex=8
[14:45:54.777] UpdateEating decrement timer to 10, FrameIndex=8
[14:45:54.805] UpdateEating decrement timer to 9, FrameIndex=8
[14:45:54.840] UpdateEating decrement timer to 8, FrameIndex=9
[14:45:54.863] UpdateEating decrement timer to 7, FrameIndex=9
[14:45:54.892] UpdateEating decrement timer to 6, FrameIndex=9
[14:45:54.905] UpdateEating decrement timer to 5, FrameIndex=9
[14:45:54.935] UpdateEating decrement timer to 4, FrameIndex=10
[14:45:54.963] UpdateEating decrement timer to 3, FrameIndex=10
[14:45:54.992] UpdateEating decrement timer to 2, FrameIndex=10
[14:45:55.022] UpdateEating decrement timer to 1, FrameIndex=10
[14:45:55.036] UpdateEating decrement timer to 0, FrameIndex=11
[14:45:55.036] After Eat(): Hunger=0.00, IsHungry=False
[14:45:55.037] [Rat] Ate. Wandering away from food.
[14:45:55.037] SetAction: Running (Run) frame size = 32x32
[14:45:55.037] SetAction: Eating -> Running (Run), Frames=6
[14:45:56.027] SetAction: Idle (idle_look_up) frame size = 32x32
[14:45:56.027] SetAction: Running -> Idle (idle_look_up), Frames=6
[14:45:56.027] StartIdle selected animation=idle_look_up
[14:45:58.817] Eat target found at (965.0, 391.0)
[14:45:58.817] Trying food target: interaction=(965.0, 391.0), snapped=933,337
[14:45:58.817] SetAction: Running (Run) frame size = 32x32
[14:45:58.818] SetAction: Idle -> Running (Run), Frames=6
[14:45:58.818] Food target accepted by creature.
[14:45:59.738] ARRIVED! distance=4
[14:45:59.738] StartEating()Animation keys: Walk, Run, idle_look_left, idle_look_right, idle_look_front, idle_look_up, idle_sit_front, idle_sit_back, Sleep, Fall, Eat
Eat frame count: 14,
Eat frame ticks: 4
[14:45:59.738] EatingTicksRemaining loaded as: 100
[14:45:59.739] SetAction: Eating (Eat) frame size = 32x32
[14:45:59.739] SetAction: Running -> Eating (Eat), Frames=14
[14:45:59.769] UpdateEating decrement timer to 99, FrameIndex=0
[14:45:59.783] UpdateEating decrement timer to 98, FrameIndex=0
[14:45:59.815] UpdateEating decrement timer to 97, FrameIndex=0
[14:45:59.845] UpdateEating decrement timer to 96, FrameIndex=1
[14:45:59.861] UpdateEating decrement timer to 95, FrameIndex=1
[14:45:59.890] UpdateEating decrement timer to 94, FrameIndex=1
[14:45:59.901] UpdateEating decrement timer to 93, FrameIndex=1
[14:45:59.936] UpdateEating decrement timer to 92, FrameIndex=2
[14:45:59.965] UpdateEating decrement timer to 91, FrameIndex=2
[14:45:59.981] UpdateEating decrement timer to 90, FrameIndex=2
[14:46:00.022] UpdateEating decrement timer to 89, FrameIndex=2
[14:46:00.037] UpdateEating decrement timer to 88, FrameIndex=3
[14:46:00.065] UpdateEating decrement timer to 87, FrameIndex=3
[14:46:00.095] UpdateEating decrement timer to 86, FrameIndex=3
[14:46:00.111] UpdateEating decrement timer to 85, FrameIndex=3
[14:46:00.137] UpdateEating decrement timer to 84, FrameIndex=4
[14:46:00.152] UpdateEating decrement timer to 83, FrameIndex=4
[14:46:00.182] UpdateEating decrement timer to 82, FrameIndex=4
[14:46:00.212] UpdateEating decrement timer to 81, FrameIndex=4
[14:46:00.228] UpdateEating decrement timer to 80, FrameIndex=5
[14:46:00.270] UpdateEating decrement timer to 79, FrameIndex=5
[14:46:00.285] UpdateEating decrement timer to 78, FrameIndex=5
[14:46:00.313] UpdateEating decrement timer to 77, FrameIndex=5
[14:46:00.343] UpdateEating decrement timer to 76, FrameIndex=6
[14:46:00.362] UpdateEating decrement timer to 75, FrameIndex=6
[14:46:00.392] UpdateEating decrement timer to 74, FrameIndex=6
[14:46:00.407] UpdateEating decrement timer to 73, FrameIndex=6
[14:46:00.434] UpdateEating decrement timer to 72, FrameIndex=7
[14:46:00.472] UpdateEating decrement timer to 71, FrameIndex=7
[14:46:00.478] UpdateEating decrement timer to 70, FrameIndex=7
[14:46:00.518] UpdateEating decrement timer to 69, FrameIndex=7
[14:46:00.533] UpdateEating decrement timer to 68, FrameIndex=8
[14:46:00.555] UpdateEating decrement timer to 67, FrameIndex=8
[14:46:00.601] UpdateEating decrement timer to 66, FrameIndex=8
[14:46:00.616] UpdateEating decrement timer to 65, FrameIndex=8
[14:46:00.645] UpdateEating decrement timer to 64, FrameIndex=9
[14:46:00.660] UpdateEating decrement timer to 63, FrameIndex=9
[14:46:00.691] UpdateEating decrement timer to 62, FrameIndex=9
[14:46:00.720] UpdateEating decrement timer to 61, FrameIndex=9
[14:46:00.736] UpdateEating decrement timer to 60, FrameIndex=10
[14:46:00.765] UpdateEating decrement timer to 59, FrameIndex=10
[14:46:00.781] UpdateEating decrement timer to 58, FrameIndex=10
[14:46:00.815] UpdateEating decrement timer to 57, FrameIndex=10
[14:46:00.845] UpdateEating decrement timer to 56, FrameIndex=11
[14:46:00.860] UpdateEating decrement timer to 55, FrameIndex=11
[14:46:00.890] UpdateEating decrement timer to 54, FrameIndex=11
[14:46:00.907] UpdateEating decrement timer to 53, FrameIndex=11
[14:46:00.936] UpdateEating decrement timer to 52, FrameIndex=12
[14:46:00.965] UpdateEating decrement timer to 51, FrameIndex=12
[14:46:00.981] UpdateEating decrement timer to 50, FrameIndex=12
[14:46:01.021] UpdateEating decrement timer to 49, FrameIndex=12
[14:46:01.028] UpdateEating decrement timer to 48, FrameIndex=13
[14:46:01.066] UpdateEating decrement timer to 47, FrameIndex=13
[14:46:01.098] UpdateEating decrement timer to 46, FrameIndex=13
[14:46:01.114] UpdateEating decrement timer to 45, FrameIndex=13
[14:46:01.141] UpdateEating decrement timer to 44, FrameIndex=0
[14:46:01.155] UpdateEating decrement timer to 43, FrameIndex=0
[14:46:01.186] UpdateEating decrement timer to 42, FrameIndex=0
[14:46:01.216] UpdateEating decrement timer to 41, FrameIndex=0
[14:46:01.232] UpdateEating decrement timer to 40, FrameIndex=1
[14:46:01.262] UpdateEating decrement timer to 39, FrameIndex=1
[14:46:01.275] UpdateEating decrement timer to 38, FrameIndex=1
[14:46:01.320] UpdateEating decrement timer to 37, FrameIndex=1
[14:46:01.351] UpdateEating decrement timer to 36, FrameIndex=2
[14:46:01.366] UpdateEating decrement timer to 35, FrameIndex=2
[14:46:01.396] UpdateEating decrement timer to 34, FrameIndex=2
[14:46:01.409] UpdateEating decrement timer to 33, FrameIndex=2
[14:46:01.440] UpdateEating decrement timer to 32, FrameIndex=3
[14:46:01.471] UpdateEating decrement timer to 31, FrameIndex=3
[14:46:01.486] UpdateEating decrement timer to 30, FrameIndex=3
[14:46:01.516] UpdateEating decrement timer to 29, FrameIndex=3
[14:46:01.531] UpdateEating decrement timer to 28, FrameIndex=4
[14:46:01.562] UpdateEating decrement timer to 27, FrameIndex=4
[14:46:01.592] UpdateEating decrement timer to 26, FrameIndex=4
[14:46:01.607] UpdateEating decrement timer to 25, FrameIndex=4
[14:46:01.637] UpdateEating decrement timer to 24, FrameIndex=5
[14:46:01.652] UpdateEating decrement timer to 23, FrameIndex=5
[14:46:01.683] UpdateEating decrement timer to 22, FrameIndex=5
[14:46:01.713] UpdateEating decrement timer to 21, FrameIndex=5
[14:46:01.728] UpdateEating decrement timer to 20, FrameIndex=6
[14:46:01.773] UpdateEating decrement timer to 19, FrameIndex=6
[14:46:01.786] UpdateEating decrement timer to 18, FrameIndex=6
[14:46:01.813] UpdateEating decrement timer to 17, FrameIndex=6
[14:46:01.840] UpdateEating decrement timer to 16, FrameIndex=7
[14:46:01.855] UpdateEating decrement timer to 15, FrameIndex=7
[14:46:01.897] UpdateEating decrement timer to 14, FrameIndex=7
[14:46:01.912] UpdateEating decrement timer to 13, FrameIndex=7
[14:46:01.940] UpdateEating decrement timer to 12, FrameIndex=8
[14:46:01.966] UpdateEating decrement timer to 11, FrameIndex=8
[14:46:01.981] UpdateEating decrement timer to 10, FrameIndex=8
[14:46:02.022] UpdateEating decrement timer to 9, FrameIndex=8
[14:46:02.037] UpdateEating decrement timer to 8, FrameIndex=9
[14:46:02.059] UpdateEating decrement timer to 7, FrameIndex=9
[14:46:02.096] UpdateEating decrement timer to 6, FrameIndex=9
[14:46:02.112] UpdateEating decrement timer to 5, FrameIndex=9
[14:46:02.138] UpdateEating decrement timer to 4, FrameIndex=10
[14:46:02.153] UpdateEating decrement timer to 3, FrameIndex=10
[14:46:02.183] UpdateEating decrement timer to 2, FrameIndex=10
[14:46:02.214] UpdateEating decrement timer to 1, FrameIndex=10
[14:46:02.227] UpdateEating decrement timer to 0, FrameIndex=11
[14:46:02.228] After Eat(): Hunger=0.00, IsHungry=False
[14:46:02.228] [Rat] Ate. Wandering away from food.
[14:46:02.228] SetAction: Running (Run) frame size = 32x32
[14:46:02.228] SetAction: Eating -> Running (Run), Frames=6
[14:46:03.239] SetAction: Idle (idle_look_right) frame size = 32x32
[14:46:03.239] SetAction: Running -> Idle (idle_look_right), Frames=12
[14:46:03.239] StartIdle selected animation=idle_look_right
[14:46:06.058] Eat target found at (965.0, 391.0)
[14:46:06.058] Trying food target: interaction=(965.0, 391.0), snapped=933,337
[14:46:06.058] SetAction: Running (Run) frame size = 32x32
[14:46:06.058] SetAction: Idle -> Running (Run), Frames=6
[14:46:06.058] Food target accepted by creature.
[14:46:06.993] ARRIVED! distance=2
[14:46:06.993] StartEating()Animation keys: Walk, Run, idle_look_left, idle_look_right, idle_look_front, idle_look_up, idle_sit_front, idle_sit_back, Sleep, Fall, Eat
Eat frame count: 14,
Eat frame ticks: 4
[14:46:06.993] EatingTicksRemaining loaded as: 100
[14:46:06.993] SetAction: Eating (Eat) frame size = 32x32
[14:46:06.993] SetAction: Running -> Eating (Eat), Frames=14
[14:46:07.023] UpdateEating decrement timer to 99, FrameIndex=0
[14:46:07.068] UpdateEating decrement timer to 98, FrameIndex=0
[14:46:07.096] UpdateEating decrement timer to 97, FrameIndex=0
[14:46:07.112] UpdateEating decrement timer to 96, FrameIndex=1
[14:46:07.143] UpdateEating decrement timer to 95, FrameIndex=1
[14:46:07.149] UpdateEating decrement timer to 94, FrameIndex=1
[14:46:07.187] UpdateEating decrement timer to 93, FrameIndex=1
[14:46:07.216] UpdateEating decrement timer to 92, FrameIndex=2
[14:46:07.233] UpdateEating decrement timer to 91, FrameIndex=2
[14:46:07.263] UpdateEating decrement timer to 90, FrameIndex=2
[14:46:07.278] UpdateEating decrement timer to 89, FrameIndex=2
[14:46:07.308] UpdateEating decrement timer to 88, FrameIndex=3
[14:46:07.350] UpdateEating decrement timer to 87, FrameIndex=3
[14:46:07.363] UpdateEating decrement timer to 86, FrameIndex=3
[14:46:07.393] UpdateEating decrement timer to 85, FrameIndex=3
[14:46:07.408] UpdateEating decrement timer to 84, FrameIndex=4
[14:46:07.436] UpdateEating decrement timer to 83, FrameIndex=4
[14:46:07.462] UpdateEating decrement timer to 82, FrameIndex=4
[14:46:07.478] UpdateEating decrement timer to 81, FrameIndex=4
[14:46:07.518] UpdateEating decrement timer to 80, FrameIndex=5
[14:46:07.533] UpdateEating decrement timer to 79, FrameIndex=5
[14:46:07.563] UpdateEating decrement timer to 78, FrameIndex=5
[14:46:07.593] UpdateEating decrement timer to 77, FrameIndex=5
[14:46:07.609] UpdateEating decrement timer to 76, FrameIndex=6
[14:46:07.638] UpdateEating decrement timer to 75, FrameIndex=6
[14:46:07.653] UpdateEating decrement timer to 74, FrameIndex=6
[14:46:07.683] UpdateEating decrement timer to 73, FrameIndex=6
[14:46:07.713] UpdateEating decrement timer to 72, FrameIndex=7
[14:46:07.732] UpdateEating decrement timer to 71, FrameIndex=7
[14:46:07.768] UpdateEating decrement timer to 70, FrameIndex=7
[14:46:07.783] UpdateEating decrement timer to 69, FrameIndex=7
[14:46:07.811] UpdateEating decrement timer to 68, FrameIndex=8
[14:46:07.841] UpdateEating decrement timer to 67, FrameIndex=8
[14:46:07.856] UpdateEating decrement timer to 66, FrameIndex=8
[14:46:07.886] UpdateEating decrement timer to 65, FrameIndex=8
[14:46:07.901] UpdateEating decrement timer to 64, FrameIndex=9
[14:46:07.930] UpdateEating decrement timer to 63, FrameIndex=9
[14:46:07.975] UpdateEating decrement timer to 62, FrameIndex=9
[14:46:07.991] UpdateEating decrement timer to 61, FrameIndex=9
[14:46:08.021] UpdateEating decrement timer to 60, FrameIndex=10
[14:46:08.035] UpdateEating decrement timer to 59, FrameIndex=10
[14:46:08.061] UpdateEating decrement timer to 58, FrameIndex=10
[14:46:08.093] UpdateEating decrement timer to 57, FrameIndex=10
[14:46:08.107] UpdateEating decrement timer to 56, FrameIndex=11
[14:46:08.138] UpdateEating decrement timer to 55, FrameIndex=11
[14:46:08.154] UpdateEating decrement timer to 54, FrameIndex=11
[14:46:08.182] UpdateEating decrement timer to 53, FrameIndex=11
[14:46:08.223] UpdateEating decrement timer to 52, FrameIndex=12
[14:46:08.238] UpdateEating decrement timer to 51, FrameIndex=12
[14:46:08.269] UpdateEating decrement timer to 50, FrameIndex=12
[14:46:08.284] UpdateEating decrement timer to 49, FrameIndex=12
[14:46:08.311] UpdateEating decrement timer to 48, FrameIndex=13
[14:46:08.342] UpdateEating decrement timer to 47, FrameIndex=13
[14:46:08.358] UpdateEating decrement timer to 46, FrameIndex=13
[14:46:08.388] UpdateEating decrement timer to 45, FrameIndex=13
[14:46:08.403] UpdateEating decrement timer to 44, FrameIndex=0
[14:46:08.431] UpdateEating decrement timer to 43, FrameIndex=0
[14:46:08.476] UpdateEating decrement timer to 42, FrameIndex=0
[14:46:08.491] UpdateEating decrement timer to 41, FrameIndex=0
[14:46:08.516] UpdateEating decrement timer to 40, FrameIndex=1
[14:46:08.533] UpdateEating decrement timer to 39, FrameIndex=1
[14:46:08.563] UpdateEating decrement timer to 38, FrameIndex=1
[14:46:08.589] UpdateEating decrement timer to 37, FrameIndex=1
[14:46:08.605] UpdateEating decrement timer to 36, FrameIndex=2
[14:46:08.647] UpdateEating decrement timer to 35, FrameIndex=2
[14:46:08.663] UpdateEating decrement timer to 34, FrameIndex=2
[14:46:08.693] UpdateEating decrement timer to 33, FrameIndex=2
[14:46:08.722] UpdateEating decrement timer to 32, FrameIndex=3
[14:46:08.737] UpdateEating decrement timer to 31, FrameIndex=3
[14:46:08.768] UpdateEating decrement timer to 30, FrameIndex=3
[14:46:08.774] UpdateEating decrement timer to 29, FrameIndex=3
[14:46:08.812] UpdateEating decrement timer to 28, FrameIndex=4
[14:46:08.843] UpdateEating decrement timer to 27, FrameIndex=4
[14:46:08.858] UpdateEating decrement timer to 26, FrameIndex=4
[14:46:08.889] UpdateEating decrement timer to 25, FrameIndex=4
[14:46:08.904] UpdateEating decrement timer to 24, FrameIndex=5
[14:46:08.932] UpdateEating decrement timer to 23, FrameIndex=5
[14:46:08.961] UpdateEating decrement timer to 22, FrameIndex=5
[14:46:08.992] UpdateEating decrement timer to 21, FrameIndex=5
[14:46:09.022] UpdateEating decrement timer to 20, FrameIndex=6
[14:46:09.036] UpdateEating decrement timer to 19, FrameIndex=6
[14:46:09.067] UpdateEating decrement timer to 18, FrameIndex=6
[14:46:09.088] UpdateEating decrement timer to 17, FrameIndex=6
[14:46:09.112] UpdateEating decrement timer to 16, FrameIndex=7
[14:46:09.144] UpdateEating decrement timer to 15, FrameIndex=7
[14:46:09.159] UpdateEating decrement timer to 14, FrameIndex=7
[14:46:09.187] UpdateEating decrement timer to 13, FrameIndex=7
[14:46:09.218] UpdateEating decrement timer to 12, FrameIndex=8
[14:46:09.233] UpdateEating decrement timer to 11, FrameIndex=8
[14:46:09.263] UpdateEating decrement timer to 10, FrameIndex=8
[14:46:09.278] UpdateEating decrement timer to 9, FrameIndex=8
[14:46:09.308] UpdateEating decrement timer to 8, FrameIndex=9
[14:46:09.338] UpdateEating decrement timer to 7, FrameIndex=9
[14:46:09.353] UpdateEating decrement timer to 6, FrameIndex=9
[14:46:09.397] UpdateEating decrement timer to 5, FrameIndex=9
[14:46:09.413] UpdateEating decrement timer to 4, FrameIndex=10
[14:46:09.441] UpdateEating decrement timer to 3, FrameIndex=10
[14:46:09.466] UpdateEating decrement timer to 2, FrameIndex=10
[14:46:09.483] UpdateEating decrement timer to 1, FrameIndex=10
[14:46:09.513] UpdateEating decrement timer to 0, FrameIndex=11
[14:46:09.513] After Eat(): Hunger=0.00, IsHungry=False
[14:46:09.513] [Rat] Ate. Wandering away from food.
[14:46:09.513] SetAction: Running (Run) frame size = 32x32
[14:46:09.513] SetAction: Eating -> Running (Run), Frames=6
[14:46:10.518] SetAction: Idle (idle_sit_back) frame size = 32x32
[14:46:10.519] SetAction: Running -> Idle (idle_sit_back), Frames=6
[14:46:10.519] StartIdle selected animation=idle_sit_back

Debug Log started on 14:51:39.570
[14:51:39.974] Bowl interaction: Eat world=(965.0, 391.0)
[14:51:39.974] Added bowl at (952.0, 375.0) with 1 interaction point(s).
[14:51:39.996] Adding behavior: EatBehavior
[14:51:40.132] SetAction: Running (Run) frame size = x
[14:51:40.132] SetAction: Idle -> Running (Run), Frames=6
[14:51:40.133] SetAction: Running (Run) frame size = 32x32
[14:51:40.133] SetAction: Running -> Running (Run), Frames=6
[14:51:40.856] SetAction: Idle (idle_sit_back) frame size = 32x32
[14:51:40.856] SetAction: Running -> Idle (idle_sit_back), Frames=6
[14:51:40.856] StartIdle selected animation=idle_sit_back
[14:51:43.855] Adding behavior: EatBehavior
[14:51:44.003] SetAction: Running (Run) frame size = x
[14:51:44.003] SetAction: Idle -> Running (Run), Frames=6
[14:51:44.003] SetAction: Running (Run) frame size = 32x32
[14:51:44.003] SetAction: Running -> Running (Run), Frames=6
[14:51:44.269] SetAction: Idle (idle_look_left) frame size = 32x32
[14:51:44.269] SetAction: Running -> Idle (idle_look_left), Frames=5
[14:51:44.269] StartIdle selected animation=idle_look_left
[14:51:44.702] Eat target found at (965.0, 391.0)
[14:51:44.704] Trying food target: interaction=(965.0, 391.0), snapped=933,337
[14:51:44.704] SetAction: Running (Run) frame size = 32x32
[14:51:44.704] SetAction: Idle -> Running (Run), Frames=6
[14:51:44.704] Food target accepted by creature.
[14:51:45.314] ARRIVED! distance=2
[14:51:45.314] StartEating()Animation keys: Walk, Run, idle_look_left, idle_look_right, idle_look_front, idle_look_up, idle_sit_front, idle_sit_back, Sleep, Fall, Eat
Eat frame count: 14,
Eat frame ticks: 4
[14:51:45.315] EatingTicksRemaining loaded as: 100
[14:51:45.315] SetAction: Eating (Eat) frame size = 32x32
[14:51:45.315] SetAction: Running -> Eating (Eat), Frames=14
[14:51:45.343] UpdateEating decrement timer to 99, FrameIndex=0
[14:51:45.375] UpdateEating decrement timer to 98, FrameIndex=0
[14:51:45.391] UpdateEating decrement timer to 97, FrameIndex=0
[14:51:45.407] UpdateEating decrement timer to 96, FrameIndex=1
[14:51:45.439] UpdateEating decrement timer to 95, FrameIndex=1
[14:51:45.471] UpdateEating decrement timer to 94, FrameIndex=1
[14:51:45.486] UpdateEating decrement timer to 93, FrameIndex=1
[14:51:45.516] UpdateEating decrement timer to 92, FrameIndex=2
[14:51:45.531] UpdateEating decrement timer to 91, FrameIndex=2
[14:51:45.562] UpdateEating decrement timer to 90, FrameIndex=2
[14:51:45.580] SetAction: Flying (Fly) frame size = x
[14:51:45.580] SetAction: Idle -> Flying (Fly), Frames=4
[14:51:45.580] SetAction: Flying (Fly) frame size = 32x32
[14:51:45.580] SetAction: Flying -> Flying (Fly), Frames=4
[14:51:45.607] UpdateEating decrement timer to 89, FrameIndex=2
[14:51:45.608] SetAction: Flying (Fly) frame size = 32x32
[14:51:45.608] SetAction: Flying -> Flying (Fly), Frames=4
[14:51:45.636] UpdateEating decrement timer to 88, FrameIndex=3
[14:51:45.651] UpdateEating decrement timer to 87, FrameIndex=3
[14:51:45.681] UpdateEating decrement timer to 86, FrameIndex=3
[14:51:45.711] UpdateEating decrement timer to 85, FrameIndex=3
[14:51:45.741] UpdateEating decrement timer to 84, FrameIndex=4
[14:51:45.783] UpdateEating decrement timer to 83, FrameIndex=4
[14:51:45.843] UpdateEating decrement timer to 82, FrameIndex=4
[14:51:45.858] UpdateEating decrement timer to 81, FrameIndex=4
[14:51:45.890] UpdateEating decrement timer to 80, FrameIndex=5
[14:51:45.906] UpdateEating decrement timer to 79, FrameIndex=5
[14:51:45.934] UpdateEating decrement timer to 78, FrameIndex=5
[14:51:45.970] UpdateEating decrement timer to 77, FrameIndex=5
[14:51:45.986] UpdateEating decrement timer to 76, FrameIndex=6
[14:51:46.041] UpdateEating decrement timer to 75, FrameIndex=6
[14:51:46.057] UpdateEating decrement timer to 74, FrameIndex=6
[14:51:46.087] UpdateEating decrement timer to 73, FrameIndex=6
[14:51:46.102] UpdateEating decrement timer to 72, FrameIndex=7
[14:51:46.143] UpdateEating decrement timer to 71, FrameIndex=7
[14:51:46.158] UpdateEating decrement timer to 70, FrameIndex=7
[14:51:46.188] UpdateEating decrement timer to 69, FrameIndex=7
[14:51:46.221] UpdateEating decrement timer to 68, FrameIndex=8
[14:51:46.266] UpdateEating decrement timer to 67, FrameIndex=8
[14:51:46.280] UpdateEating decrement timer to 66, FrameIndex=8
[14:51:46.310] UpdateEating decrement timer to 65, FrameIndex=8
[14:51:46.340] UpdateEating decrement timer to 64, FrameIndex=9
[14:51:46.400] UpdateEating decrement timer to 63, FrameIndex=9
[14:51:46.431] UpdateEating decrement timer to 62, FrameIndex=9
[14:51:46.475] UpdateEating decrement timer to 61, FrameIndex=9
[14:51:46.491] UpdateEating decrement timer to 60, FrameIndex=10
[14:51:46.520] UpdateEating decrement timer to 59, FrameIndex=10
[14:51:46.536] UpdateEating decrement timer to 58, FrameIndex=10
[14:51:46.595] UpdateEating decrement timer to 57, FrameIndex=10
[14:51:46.610] UpdateEating decrement timer to 56, FrameIndex=11
[14:51:46.640] UpdateEating decrement timer to 55, FrameIndex=11
[14:51:46.655] UpdateEating decrement timer to 54, FrameIndex=11
[14:51:46.685] UpdateEating decrement timer to 53, FrameIndex=11
[14:51:46.715] UpdateEating decrement timer to 52, FrameIndex=12
[14:51:46.731] UpdateEating decrement timer to 51, FrameIndex=12
[14:51:46.760] UpdateEating decrement timer to 50, FrameIndex=12
[14:51:46.775] UpdateEating decrement timer to 49, FrameIndex=12
[14:51:46.805] UpdateEating decrement timer to 48, FrameIndex=13
[14:51:46.850] UpdateEating decrement timer to 47, FrameIndex=13
[14:51:46.866] UpdateEating decrement timer to 46, FrameIndex=13
[14:51:46.897] UpdateEating decrement timer to 45, FrameIndex=13
[14:51:46.913] UpdateEating decrement timer to 44, FrameIndex=0
[14:51:46.945] UpdateEating decrement timer to 43, FrameIndex=0
[14:51:46.961] UpdateEating decrement timer to 42, FrameIndex=0
[14:51:46.988] UpdateEating decrement timer to 41, FrameIndex=0
[14:51:47.016] UpdateEating decrement timer to 40, FrameIndex=1
[14:51:47.032] UpdateEating decrement timer to 39, FrameIndex=1
[14:51:47.077] UpdateEating decrement timer to 38, FrameIndex=1
[14:51:47.097] UpdateEating decrement timer to 37, FrameIndex=1
[14:51:47.105] UpdateEating decrement timer to 36, FrameIndex=2
[14:51:47.138] UpdateEating decrement timer to 35, FrameIndex=2
[14:51:47.153] UpdateEating decrement timer to 34, FrameIndex=2
[14:51:47.184] UpdateEating decrement timer to 33, FrameIndex=2
[14:51:47.214] UpdateEating decrement timer to 32, FrameIndex=3
[14:51:47.228] UpdateEating decrement timer to 31, FrameIndex=3
